app/admin/page.tsx(4,46): error TS2724: '"@/lib/api"' has no exported member named 'clientRateApi'. Did you mean 'clientApi'?
app/admin/page.tsx(5,44): error TS2614: Module '"@/lib/api"' has no exported member 'ClientRate'. Did you mean to use 'import ClientRate from "@/lib/api"' instead?
app/admin/page.tsx(1022,39): error TS2339: Property 'applyClientRates' does not exist on type '{ getClientProjects: (clientId: number) => Promise<Project[]>; createProject: (clientId: number, name: string, code: string, contractType: "admin" | "fixed_fee" | "time_materials" | "retainer", fixedFeeAmount?: number | undefined, expectedHours?: number | undefined, discount?: number | undefined, standardRate?: numb...'.

